2026-03-29 16:03:49,874 [INFO] Starting scrape (Keyword: 'gold', Limit: 10)...
2026-03-29 16:03:49,903 [INFO] Cache empty. Fetching tags to map categories...
2026-03-29 16:03:55,571 [INFO] Matched 34 relevant tag IDs. Saved to cache.
2026-03-29 16:04:31,947 [INFO] Found 13267 unique active markets across targeted tags.
2026-03-29 16:04:32,068 [INFO] Success: Saved 10 matching markets.
2026-03-29 16:15:58,828 [INFO] Starting scrape (Keyword: 'gold', Limit: 10)...
2026-03-29 16:15:58,851 [INFO] Tag cache stale (1774793758s old). Fetching tags from API...
2026-03-29 16:16:00,607 [INFO] Cached 34 relevant tag IDs for 3600s.
2026-03-29 16:16:31,283 [INFO] Found 13284 unique active markets across targeted tags.
2026-03-29 16:16:31,422 [INFO] Success: Saved 10 matching markets.
2026-03-29 16:21:09,217 [INFO] Starting scrape (Keyword: 'gold', Limit: 10)...
2026-03-29 16:21:09,238 [INFO] Tag cache stale (1774794069s old). Fetching tags from API...
2026-03-29 16:21:11,310 [INFO] Cached 34 relevant tag IDs for 3600s.
2026-03-29 16:21:44,103 [INFO] Found 13277 unique active markets across targeted tags.
2026-03-29 16:21:44,205 [INFO] Success: Saved 10 matching markets.
2026-03-29 16:41:00,610 [INFO] Initializing Wall-Clock Scraper (interval=300s).
2026-03-29 16:41:00,612 [INFO] Send SIGTERM or press Ctrl+C to stop gracefully after current run.
2026-03-29 16:41:00,613 [INFO] Sleeping 239s until next run at 16:45:00...
2026-03-29 16:45:00,012 [INFO] [Run #1] Starting scrape (keyword='gold', limit=All)...
2026-03-29 16:45:00,046 [INFO] Tag cache stale (1774795500s old). Fetching from API...
2026-03-29 16:45:05,869 [INFO] Cached 34 tag IDs for the next 3600s.
2026-03-29 16:45:44,036 [INFO] Per-tag fetch: all 34 tag requests succeeded.
2026-03-29 16:45:44,037 [INFO] Found 13284 unique active markets across targeted tags.
2026-03-29 16:45:44,191 [WARNING] [markets] High null rate on 'lastTradePrice': 21% (27/129 rows)
2026-03-29 16:45:44,191 [WARNING] [markets] High null rate on 'volume': 21% (27/129 rows)
2026-03-29 16:45:44,207 [INFO] [Run #1] Complete — 129 new rows written to DB.
2026-03-29 16:45:44,313 [INFO] Sleeping 255s until next run at 16:50:00...
2026-03-29 16:50:00,006 [INFO] [Run #2] Starting scrape (keyword='gold', limit=All)...
2026-03-29 16:50:00,014 [INFO] Using 34 cached tag IDs (294s old).
2026-03-29 16:50:34,654 [INFO] Per-tag fetch: all 34 tag requests succeeded.
2026-03-29 16:50:34,654 [INFO] Found 13274 unique active markets across targeted tags.
2026-03-29 16:50:34,778 [WARNING] [markets] High null rate on 'lastTradePrice': 21% (27/129 rows)
2026-03-29 16:50:34,778 [WARNING] [markets] High null rate on 'volume': 21% (27/129 rows)
2026-03-29 16:50:34,809 [INFO] [Run #2] Complete — 129 new rows written to DB.
2026-03-29 16:50:34,906 [INFO] Sleeping 265s until next run at 16:55:00...
